// Vitest Snapshot v1, https://vitest.dev/guide/snapshot.html

exports[`TableWrapper > renders the TableWrapper component via snapshot 1`] = `
<table
  class="MuiTable-root css-4o2jt9-MuiTable-root"
>
  <thead
    class="MuiTableHead-root css-1a7iywq-MuiTableHead-root"
  >
    <tr
      class="MuiTableRow-root MuiTableRow-head css-6phqnb-MuiTableRow-root"
    >
      <th
        class="MuiTableCell-root MuiTableCell-head MuiTableCell-alignLeft MuiTableCell-sizeMedium css-11trb53-MuiTableCell-root"
        scope="col"
      >
        MOW
         - 
        HKT
      </th>
      <th
        class="MuiTableCell-root MuiTableCell-head MuiTableCell-alignCenter MuiTableCell-sizeMedium css-kl4v6g-MuiTableCell-root"
        scope="col"
      >
        В ПУТИ
      </th>
      <th
        class="MuiTableCell-root MuiTableCell-head MuiTableCell-alignRight MuiTableCell-sizeMedium css-1cnmnjk-MuiTableCell-root"
        scope="col"
      >
        3
         ПЕРЕСАДКИ
         
      </th>
    </tr>
  </thead>
  <tbody
    class="MuiTableBody-root css-1o8qua4-MuiTableBody-root"
  >
    <tr
      class="MuiTableRow-root css-1xtozoh-MuiTableRow-root"
    >
      <td
        class="MuiTableCell-root MuiTableCell-body MuiTableCell-alignLeft MuiTableCell-sizeMedium css-tl43us-MuiTableCell-root"
      >
        05:00 - 13:20
      </td>
      <td
        class="MuiTableCell-root MuiTableCell-body MuiTableCell-alignCenter MuiTableCell-sizeMedium css-ubhovo-MuiTableCell-root"
      >
        8
        ч 
        20
        м
      </td>
      <td
        class="MuiTableCell-root MuiTableCell-body MuiTableCell-alignRight MuiTableCell-sizeMedium css-qisdfz-MuiTableCell-root"
      >
        <span>
          LED
          , 
        </span>
        <span>
          AMS
          , 
        </span>
        <span>
          BCN
        </span>
      </td>
    </tr>
  </tbody>
</table>
`;
